run_id=inject-bad
raw_records=10
cleaned_records=6
quarantine_records=4
cleaned_csv=artifacts/cleaned/cleaned_inject-bad.csv
quarantine_csv=artifacts/quarantine/quarantine_inject-bad.csv
expectation[min_one_row] OK (halt) :: cleaned_rows=6
expectation[no_empty_doc_id] OK (halt) :: empty_doc_id_count=0
expectation[refund_no_stale_14d_window] FAIL (halt) :: violations=1
expectation[chunk_min_length_8] OK (warn) :: short_chunks=0
expectation[effective_date_iso_yyyy_mm_dd] OK (halt) :: non_iso_rows=0
expectation[hr_leave_no_stale_10d_annual] OK (halt) :: violations=0
expectation[no_html_tags_remaining] OK (halt) :: html_left=0
expectation[exported_at_iso_or_empty] OK (warn) :: exported_bad_count=0
WARN: expectation failed but --skip-validate → tiếp tục embed (chỉ dùng cho demo Sprint 3).
embed_prune_removed=1
embed_upsert count=6 collection=day10_kb
manifest_written=artifacts/manifests/manifest_inject-bad.json
freshness_check=PASS {"latest_exported_at": "2026-04-10T08:00:00", "age_hours": 121.09, "sla_hours": 130.0}
PIPELINE_OK
run_id=inject-bad
raw_records=10
cleaned_records=6
quarantine_records=4
cleaned_csv=artifacts/cleaned/cleaned_inject-bad.csv
quarantine_csv=artifacts/quarantine/quarantine_inject-bad.csv
expectation[min_one_row] OK (halt) :: cleaned_rows=6
expectation[no_empty_doc_id] OK (halt) :: empty_doc_id_count=0
expectation[refund_no_stale_14d_window] FAIL (halt) :: violations=1
expectation[chunk_min_length_8] OK (warn) :: short_chunks=0
expectation[effective_date_iso_yyyy_mm_dd] OK (halt) :: non_iso_rows=0
expectation[hr_leave_no_stale_10d_annual] OK (halt) :: violations=0
expectation[no_html_tags_remaining] OK (halt) :: html_left=0
expectation[exported_at_iso_or_empty] OK (warn) :: exported_bad_count=0
WARN: expectation failed but --skip-validate → tiếp tục embed (chỉ dùng cho demo Sprint 3).
embed_upsert count=6 collection=day10_kb
manifest_written=artifacts/manifests/manifest_inject-bad.json
freshness_check=PASS {"latest_exported_at": "2026-04-10T08:00:00", "age_hours": 121.159, "sla_hours": 130.0}
PIPELINE_OK
run_id=inject-bad
raw_records=10
cleaned_records=6
quarantine_records=4
cleaned_csv=artifacts/cleaned/cleaned_inject-bad.csv
quarantine_csv=artifacts/quarantine/quarantine_inject-bad.csv
expectation[min_one_row] OK (halt) :: cleaned_rows=6
expectation[no_empty_doc_id] OK (halt) :: empty_doc_id_count=0
expectation[refund_no_stale_14d_window] FAIL (halt) :: violations=1
expectation[chunk_min_length_8] OK (warn) :: short_chunks=0
expectation[effective_date_iso_yyyy_mm_dd] OK (halt) :: non_iso_rows=0
expectation[hr_leave_no_stale_10d_annual] OK (halt) :: violations=0
expectation[no_html_tags_remaining] OK (halt) :: html_left=0
expectation[exported_at_iso_or_empty] OK (warn) :: exported_bad_count=0
WARN: expectation failed but --skip-validate → tiếp tục embed (chỉ dùng cho demo Sprint 3).
embed_upsert count=6 collection=day10_kb
manifest_written=artifacts/manifests/manifest_inject-bad.json
freshness_check=PASS {"latest_exported_at": "2026-04-10T08:00:00", "age_hours": 121.187, "sla_hours": 130.0}
PIPELINE_OK
run_id=inject-bad
raw_records=10
cleaned_records=6
quarantine_records=4
cleaned_csv=artifacts/cleaned/cleaned_inject-bad.csv
quarantine_csv=artifacts/quarantine/quarantine_inject-bad.csv
expectation[min_one_row] OK (halt) :: cleaned_rows=6
expectation[no_empty_doc_id] OK (halt) :: empty_doc_id_count=0
expectation[refund_no_stale_14d_window] FAIL (halt) :: violations=1
expectation[chunk_min_length_8] OK (warn) :: short_chunks=0
expectation[effective_date_iso_yyyy_mm_dd] OK (halt) :: non_iso_rows=0
expectation[hr_leave_no_stale_10d_annual] OK (halt) :: violations=0
expectation[no_html_tags_remaining] OK (halt) :: html_left=0
expectation[exported_at_iso_or_empty] OK (warn) :: exported_bad_count=0
WARN: expectation failed but --skip-validate → tiếp tục embed (chỉ dùng cho demo Sprint 3).
embed_upsert count=6 collection=day10_kb
manifest_written=artifacts/manifests/manifest_inject-bad.json
freshness_check=PASS {"latest_exported_at": "2026-04-10T08:00:00", "age_hours": 121.276, "sla_hours": 130.0}
PIPELINE_OK
run_id=inject-bad
raw_records=10
cleaned_records=6
quarantine_records=4
cleaned_csv=artifacts/cleaned/cleaned_inject-bad.csv
quarantine_csv=artifacts/quarantine/quarantine_inject-bad.csv
expectation[min_one_row] OK (halt) :: cleaned_rows=6
expectation[no_empty_doc_id] OK (halt) :: empty_doc_id_count=0
expectation[refund_no_stale_14d_window] FAIL (halt) :: violations=1
expectation[chunk_min_length_8] OK (warn) :: short_chunks=0
expectation[effective_date_iso_yyyy_mm_dd] OK (halt) :: non_iso_rows=0
expectation[hr_leave_no_stale_10d_annual] OK (halt) :: violations=0
expectation[no_html_tags_remaining] OK (halt) :: html_left=0
expectation[exported_at_iso_or_empty] OK (warn) :: exported_bad_count=0
WARN: expectation failed but --skip-validate → tiếp tục embed (chỉ dùng cho demo Sprint 3).
embed_upsert count=6 collection=day10_kb
manifest_written=artifacts/manifests/manifest_inject-bad.json
freshness_check=PASS {"latest_exported_at": "2026-04-10T08:00:00", "age_hours": 121.305, "sla_hours": 130.0}
PIPELINE_OK
run_id=inject-bad
raw_records=11
cleaned_records=6
quarantine_records=5
cleaned_csv=artifacts/cleaned/cleaned_inject-bad.csv
quarantine_csv=artifacts/quarantine/quarantine_inject-bad.csv
expectation[min_one_row] OK (halt) :: cleaned_rows=6
expectation[no_empty_doc_id] OK (halt) :: empty_doc_id_count=0
expectation[refund_no_stale_14d_window] FAIL (halt) :: violations=1
expectation[chunk_min_length_8] OK (warn) :: short_chunks=0
expectation[effective_date_iso_yyyy_mm_dd] OK (halt) :: non_iso_rows=0
expectation[hr_leave_no_stale_10d_annual] OK (halt) :: violations=0
expectation[no_html_tags_remaining] OK (halt) :: html_left=0
expectation[exported_at_iso_or_empty] OK (warn) :: exported_bad_count=0
WARN: expectation failed but --skip-validate → tiếp tục embed (chỉ dùng cho demo Sprint 3).
embed_upsert count=6 collection=day10_kb
manifest_written=artifacts/manifests/manifest_inject-bad.json
freshness_check=PASS {"latest_exported_at": "2026-04-10T08:00:00", "age_hours": 121.924, "sla_hours": 130.0}
PIPELINE_OK
run_id=inject-bad
raw_records=14
cleaned_records=6
quarantine_records=8
cleaned_csv=artifacts/cleaned/cleaned_inject-bad.csv
quarantine_csv=artifacts/quarantine/quarantine_inject-bad.csv
expectation[min_one_row] OK (halt) :: cleaned_rows=6
expectation[no_empty_doc_id] OK (halt) :: empty_doc_id_count=0
expectation[refund_no_stale_14d_window] FAIL (halt) :: violations=1
expectation[chunk_min_length_8] OK (warn) :: short_chunks=0
expectation[effective_date_iso_yyyy_mm_dd] OK (halt) :: non_iso_rows=0
expectation[hr_leave_no_stale_10d_annual] OK (halt) :: violations=0
expectation[no_html_tags_remaining] OK (halt) :: html_left=0
expectation[exported_at_iso_or_empty] OK (warn) :: exported_bad_count=0
expectation[no_system_error_messages] OK (halt) :: errors=0
expectation[no_draft_policies] OK (halt) :: drafts=0
WARN: expectation failed but --skip-validate → tiếp tục embed (chỉ dùng cho demo Sprint 3).
embed_upsert count=6 collection=day10_kb
manifest_written=artifacts/manifests/manifest_inject-bad.json
freshness_check=PASS {"latest_exported_at": "2026-04-10T08:00:00", "age_hours": 122.369, "sla_hours": 130.0}
PIPELINE_OK
